// Jest Snapshot v1, https://goo.gl/fbAQLP

exports[`Home renders correctly 1`] = `
<section
  className="Home-home-1"
  id="home"
>
  <div
    className="MuiBox-root MuiBox-root-6 Home-homeInfos-3"
  >
    <div
      className="MuiBox-root MuiBox-root-7 Home-homeText-4"
    >
      <h1
        className="MuiTypography-root MuiTypography-h1 MuiTypography-colorSecondary MuiTypography-alignCenter"
      >
        Welcome
      </h1>
      <br />
      <p
        className="MuiTypography-root MuiTypography-body1 MuiTypography-colorSecondary MuiTypography-alignJustify"
      >
        Every day, many people cannot afford to buy the food necessary to have a decent diet. Contradictorily, on average, each supermarket (in France) throws away 20 kilograms of food daily. Our goal is to redistribute that food to people in need such as students, homeless people, and big families by providing connected fridges to supermarkets.
      </p>
    </div>
    <button
      className="MuiButtonBase-root MuiButton-root MuiButton-outlined Home-button-5"
      disabled={false}
      onBlur={[Function]}
      onDragLeave={[Function]}
      onFocus={[Function]}
      onKeyDown={[Function]}
      onKeyUp={[Function]}
      onMouseDown={[Function]}
      onMouseLeave={[Function]}
      onMouseUp={[Function]}
      onTouchEnd={[Function]}
      onTouchMove={[Function]}
      onTouchStart={[Function]}
      tabIndex={0}
      type="button"
    >
      <span
        className="MuiButton-label"
      >
        get started
      </span>
    </button>
  </div>
</section>
`;
