// Jest Snapshot v1, https://goo.gl/fbAQLP

exports[`Header renders correctly 1`] = `
<header
  className="MuiPaper-root MuiAppBar-root MuiAppBar-positionFixed MuiAppBar-colorPrimary Header-appBarTransparent-2 mui-fixed MuiPaper-elevation0"
>
  <div
    className="MuiBox-root MuiBox-root-8 Header-container-4"
  >
    <div
      className="MuiBox-root MuiBox-root-9"
    >
      <img
        alt="watermark_freedgy"
        className="Header-logo-1"
        src="/images/logo/watermark.png"
      />
    </div>
    <div
      className="MuiBox-root MuiBox-root-10 Header-navBar-5"
    >
      <a
        aria-disabled={false}
        className="MuiButtonBase-root MuiButton-root MuiButton-text Header-navItemTransparent-6"
        href="#home"
        onBlur={[Function]}
        onDragLeave={[Function]}
        onFocus={[Function]}
        onKeyDown={[Function]}
        onKeyUp={[Function]}
        onMouseDown={[Function]}
        onMouseLeave={[Function]}
        onMouseUp={[Function]}
        onTouchEnd={[Function]}
        onTouchMove={[Function]}
        onTouchStart={[Function]}
        tabIndex={0}
      >
        <span
          className="MuiButton-label"
        >
          home
        </span>
      </a>
      <a
        aria-disabled={false}
        className="MuiButtonBase-root MuiButton-root MuiButton-text Header-navItemTransparent-6"
        href="#about"
        onBlur={[Function]}
        onDragLeave={[Function]}
        onFocus={[Function]}
        onKeyDown={[Function]}
        onKeyUp={[Function]}
        onMouseDown={[Function]}
        onMouseLeave={[Function]}
        onMouseUp={[Function]}
        onTouchEnd={[Function]}
        onTouchMove={[Function]}
        onTouchStart={[Function]}
        tabIndex={0}
      >
        <span
          className="MuiButton-label"
        >
          about
        </span>
      </a>
      <a
        aria-disabled={false}
        className="MuiButtonBase-root MuiButton-root MuiButton-text Header-navItemTransparent-6"
        href="#team"
        onBlur={[Function]}
        onDragLeave={[Function]}
        onFocus={[Function]}
        onKeyDown={[Function]}
        onKeyUp={[Function]}
        onMouseDown={[Function]}
        onMouseLeave={[Function]}
        onMouseUp={[Function]}
        onTouchEnd={[Function]}
        onTouchMove={[Function]}
        onTouchStart={[Function]}
        tabIndex={0}
      >
        <span
          className="MuiButton-label"
        >
          team
        </span>
      </a>
      <a
        aria-disabled={false}
        className="MuiButtonBase-root MuiButton-root MuiButton-text Header-navItemTransparent-6"
        href="#contact"
        onBlur={[Function]}
        onDragLeave={[Function]}
        onFocus={[Function]}
        onKeyDown={[Function]}
        onKeyUp={[Function]}
        onMouseDown={[Function]}
        onMouseLeave={[Function]}
        onMouseUp={[Function]}
        onTouchEnd={[Function]}
        onTouchMove={[Function]}
        onTouchStart={[Function]}
        tabIndex={0}
      >
        <span
          className="MuiButton-label"
        >
          contact
        </span>
      </a>
    </div>
    <div
      className="MuiBox-root MuiBox-root-11"
    >
      <div
        className="ReactFlagsSelect-module_flagsSelect__2pfa2"
        data-testid="rfs"
      >
        <button
          aria-expanded={false}
          aria-haspopup="listbox"
          aria-labelledby="rfs-btn"
          className="ReactFlagsSelect-module_selectBtn__19wW7"
          data-testid="rfs-btn"
          disabled={false}
          id="rfs-btn"
          onClick={[Function]}
          onKeyUp={[Function]}
          style={
            Object {
              "fontSize": 16,
            }
          }
          type="button"
        >
          <span
            className="ReactFlagsSelect-module_selectValue__152eS"
          >
            Select a country
          </span>
        </button>
      </div>
    </div>
  </div>
</header>
`;
